Archive member included to satisfy reference by file (symbol)

c:/sysgcc/risc-v/bin/../lib/gcc/riscv64-unknown-elf/10.1.0/rv32i/ilp32\libgcc.a(_udivdi3.o)
                              C:\Users\dennis\Documents\HarvOS\Template_MiSTer-master\build\bootrom\harvos_fs.o (__udivdi3)
c:/sysgcc/risc-v/bin/../lib/gcc/riscv64-unknown-elf/10.1.0/rv32i/ilp32\libgcc.a(_umoddi3.o)
                              C:\Users\dennis\Documents\HarvOS\Template_MiSTer-master\build\bootrom\harvos_fs.o (__umoddi3)
c:/sysgcc/risc-v/bin/../lib/gcc/riscv64-unknown-elf/10.1.0/rv32i/ilp32\libgcc.a(muldi3.o)
                              C:\Users\dennis\Documents\HarvOS\Template_MiSTer-master\build\bootrom\harvos_fs.o (__mulsi3)
c:/sysgcc/risc-v/bin/../lib/gcc/riscv64-unknown-elf/10.1.0/rv32i/ilp32\libgcc.a(div.o)
                              c:/sysgcc/risc-v/bin/../lib/gcc/riscv64-unknown-elf/10.1.0/rv32i/ilp32\libgcc.a(_udivdi3.o) (__divsi3)
c:/sysgcc/risc-v/bin/../lib/gcc/riscv64-unknown-elf/10.1.0/rv32i/ilp32\libgcc.a(_clz.o)
                              c:/sysgcc/risc-v/bin/../lib/gcc/riscv64-unknown-elf/10.1.0/rv32i/ilp32\libgcc.a(_udivdi3.o) (__clz_tab)

Discarded input sections

 .riscv.attributes
                0x0000000000000000       0x1a C:\Users\dennis\Documents\HarvOS\Template_MiSTer-master\build\bootrom\start.o
 .comment       0x0000000000000000       0x13 C:\Users\dennis\Documents\HarvOS\Template_MiSTer-master\build\bootrom\harvos_usb_elf_bootrom.o
 .riscv.attributes
                0x0000000000000000       0x1c C:\Users\dennis\Documents\HarvOS\Template_MiSTer-master\build\bootrom\harvos_usb_elf_bootrom.o
 .comment       0x0000000000000000       0x13 C:\Users\dennis\Documents\HarvOS\Template_MiSTer-master\build\bootrom\harvos_fs.o
 .riscv.attributes
                0x0000000000000000       0x1c C:\Users\dennis\Documents\HarvOS\Template_MiSTer-master\build\bootrom\harvos_fs.o
 .comment       0x0000000000000000       0x13 C:\Users\dennis\Documents\HarvOS\Template_MiSTer-master\build\bootrom\harvos_yaml.o
 .riscv.attributes
                0x0000000000000000       0x1c C:\Users\dennis\Documents\HarvOS\Template_MiSTer-master\build\bootrom\harvos_yaml.o
 .comment       0x0000000000000000       0x13 C:\Users\dennis\Documents\HarvOS\Template_MiSTer-master\build\bootrom\harvos_mister_hps_block.o
 .riscv.attributes
                0x0000000000000000       0x1c C:\Users\dennis\Documents\HarvOS\Template_MiSTer-master\build\bootrom\harvos_mister_hps_block.o
 .comment       0x0000000000000000       0x13 c:/sysgcc/risc-v/bin/../lib/gcc/riscv64-unknown-elf/10.1.0/rv32i/ilp32\libgcc.a(_udivdi3.o)
 .riscv.attributes
                0x0000000000000000       0x1c c:/sysgcc/risc-v/bin/../lib/gcc/riscv64-unknown-elf/10.1.0/rv32i/ilp32\libgcc.a(_udivdi3.o)
 .comment       0x0000000000000000       0x13 c:/sysgcc/risc-v/bin/../lib/gcc/riscv64-unknown-elf/10.1.0/rv32i/ilp32\libgcc.a(_umoddi3.o)
 .riscv.attributes
                0x0000000000000000       0x1c c:/sysgcc/risc-v/bin/../lib/gcc/riscv64-unknown-elf/10.1.0/rv32i/ilp32\libgcc.a(_umoddi3.o)
 .riscv.attributes
                0x0000000000000000       0x1a c:/sysgcc/risc-v/bin/../lib/gcc/riscv64-unknown-elf/10.1.0/rv32i/ilp32\libgcc.a(muldi3.o)
 .riscv.attributes
                0x0000000000000000       0x1a c:/sysgcc/risc-v/bin/../lib/gcc/riscv64-unknown-elf/10.1.0/rv32i/ilp32\libgcc.a(div.o)
 .comment       0x0000000000000000       0x13 c:/sysgcc/risc-v/bin/../lib/gcc/riscv64-unknown-elf/10.1.0/rv32i/ilp32\libgcc.a(_clz.o)
 .riscv.attributes
                0x0000000000000000       0x1c c:/sysgcc/risc-v/bin/../lib/gcc/riscv64-unknown-elf/10.1.0/rv32i/ilp32\libgcc.a(_clz.o)

Memory Configuration

Name             Origin             Length             Attributes
IROM             0x0000000000000000 0x00000000000f0000 xr
DRAM             0x0000000000010000 0x00000000000f0000 rw
*default*        0x0000000000000000 0xffffffffffffffff

Linker script and memory map

LOAD C:\Users\dennis\Documents\HarvOS\Template_MiSTer-master\build\bootrom\start.o
LOAD C:\Users\dennis\Documents\HarvOS\Template_MiSTer-master\build\bootrom\harvos_usb_elf_bootrom.o
LOAD C:\Users\dennis\Documents\HarvOS\Template_MiSTer-master\build\bootrom\harvos_fs.o
LOAD C:\Users\dennis\Documents\HarvOS\Template_MiSTer-master\build\bootrom\harvos_yaml.o
LOAD C:\Users\dennis\Documents\HarvOS\Template_MiSTer-master\build\bootrom\harvos_mister_hps_block.o
LOAD c:/sysgcc/risc-v/bin/../lib/gcc/riscv64-unknown-elf/10.1.0/rv32i/ilp32\libgcc.a

.text           0x0000000000000000       0x10
 *(.text.start)
 .text.start    0x0000000000000000       0x10 C:\Users\dennis\Documents\HarvOS\Template_MiSTer-master\build\bootrom\start.o
                0x0000000000000000                _start

.hart1          0x00000000000000c0        0x4
 *(.text.hart1)
 .text.hart1    0x00000000000000c0        0x4 C:\Users\dennis\Documents\HarvOS\Template_MiSTer-master\build\bootrom\start.o
                0x00000000000000c0                _hart1_park

.text_rest      0x00000000000000c4     0x32f4
 *(.text*)
 .text          0x00000000000000c4        0x0 C:\Users\dennis\Documents\HarvOS\Template_MiSTer-master\build\bootrom\start.o
 .text          0x00000000000000c4      0xde4 C:\Users\dennis\Documents\HarvOS\Template_MiSTer-master\build\bootrom\harvos_usb_elf_bootrom.o
                0x00000000000006c8                harvos_bootrom_main
 .text          0x0000000000000ea8     0x1038 C:\Users\dennis\Documents\HarvOS\Template_MiSTer-master\build\bootrom\harvos_fs.o
                0x0000000000001a40                hvs_fs_mount
                0x0000000000001b6c                hvs_fs_open
                0x0000000000001bf0                hvs_fs_exists
                0x0000000000001c0c                hvs_fs_is_dir
                0x0000000000001c38                hvs_fs_read
                0x0000000000001e70                hvs_fs_read_dir
 .text          0x0000000000001ee0      0x71c C:\Users\dennis\Documents\HarvOS\Template_MiSTer-master\build\bootrom\harvos_yaml.o
                0x00000000000020cc                hvs_yaml_parse_app_config
 .text          0x00000000000025fc      0x21c C:\Users\dennis\Documents\HarvOS\Template_MiSTer-master\build\bootrom\harvos_mister_hps_block.o
                0x000000000000278c                hvs_mister_hps_block_init
 .text          0x0000000000002818      0x5d8 c:/sysgcc/risc-v/bin/../lib/gcc/riscv64-unknown-elf/10.1.0/rv32i/ilp32\libgcc.a(_udivdi3.o)
                0x0000000000002818                __udivdi3
 .text          0x0000000000002df0      0x4f0 c:/sysgcc/risc-v/bin/../lib/gcc/riscv64-unknown-elf/10.1.0/rv32i/ilp32\libgcc.a(_umoddi3.o)
                0x0000000000002df0                __umoddi3
 .text          0x00000000000032e0       0x24 c:/sysgcc/risc-v/bin/../lib/gcc/riscv64-unknown-elf/10.1.0/rv32i/ilp32\libgcc.a(muldi3.o)
                0x00000000000032e0                __mulsi3
 .text          0x0000000000003304       0xb4 c:/sysgcc/risc-v/bin/../lib/gcc/riscv64-unknown-elf/10.1.0/rv32i/ilp32\libgcc.a(div.o)
                0x0000000000003304                __divsi3
                0x000000000000330c                __udivsi3
                0x0000000000003354                __umodsi3
                0x0000000000003388                __modsi3
 .text          0x00000000000033b8        0x0 c:/sysgcc/risc-v/bin/../lib/gcc/riscv64-unknown-elf/10.1.0/rv32i/ilp32\libgcc.a(_clz.o)

.rodata         0x0000000000010000      0x230
 *(.srodata*)
 *(.rodata*)
 .rodata.str1.4
                0x0000000000010000       0x90 C:\Users\dennis\Documents\HarvOS\Template_MiSTer-master\build\bootrom\harvos_usb_elf_bootrom.o
                                         0x91 (size before relaxing)
 .rodata        0x0000000000010090       0x18 C:\Users\dennis\Documents\HarvOS\Template_MiSTer-master\build\bootrom\harvos_usb_elf_bootrom.o
 .rodata.str1.4
                0x00000000000100a8        0x2 C:\Users\dennis\Documents\HarvOS\Template_MiSTer-master\build\bootrom\harvos_fs.o
 .rodata        0x00000000000100a8        0xd C:\Users\dennis\Documents\HarvOS\Template_MiSTer-master\build\bootrom\harvos_fs.o
 *fill*         0x00000000000100b5        0x3 
 .rodata.str1.4
                0x00000000000100b8       0x78 C:\Users\dennis\Documents\HarvOS\Template_MiSTer-master\build\bootrom\harvos_yaml.o
 .rodata        0x0000000000010130      0x100 c:/sysgcc/risc-v/bin/../lib/gcc/riscv64-unknown-elf/10.1.0/rv32i/ilp32\libgcc.a(_clz.o)
                0x0000000000010130                __clz_tab

.eh_frame       0x0000000000010230       0xb0
 .eh_frame      0x0000000000010230       0x60 c:/sysgcc/risc-v/bin/../lib/gcc/riscv64-unknown-elf/10.1.0/rv32i/ilp32\libgcc.a(_udivdi3.o)
 .eh_frame      0x0000000000010290       0x50 c:/sysgcc/risc-v/bin/../lib/gcc/riscv64-unknown-elf/10.1.0/rv32i/ilp32\libgcc.a(_umoddi3.o)
                                         0x64 (size before relaxing)

.rela.dyn       0x00000000000102e0        0x0
 .rela.text.start
                0x00000000000102e0        0x0 C:\Users\dennis\Documents\HarvOS\Template_MiSTer-master\build\bootrom\start.o

.data           0x00000000000102e0        0x0
 *(.sdata*)
 *(.data*)
 .data          0x00000000000102e0        0x0 C:\Users\dennis\Documents\HarvOS\Template_MiSTer-master\build\bootrom\start.o
 .data          0x00000000000102e0        0x0 C:\Users\dennis\Documents\HarvOS\Template_MiSTer-master\build\bootrom\harvos_usb_elf_bootrom.o
 .data          0x00000000000102e0        0x0 C:\Users\dennis\Documents\HarvOS\Template_MiSTer-master\build\bootrom\harvos_fs.o
 .data          0x00000000000102e0        0x0 C:\Users\dennis\Documents\HarvOS\Template_MiSTer-master\build\bootrom\harvos_yaml.o
 .data          0x00000000000102e0        0x0 C:\Users\dennis\Documents\HarvOS\Template_MiSTer-master\build\bootrom\harvos_mister_hps_block.o
 .data          0x00000000000102e0        0x0 c:/sysgcc/risc-v/bin/../lib/gcc/riscv64-unknown-elf/10.1.0/rv32i/ilp32\libgcc.a(_udivdi3.o)
 .data          0x00000000000102e0        0x0 c:/sysgcc/risc-v/bin/../lib/gcc/riscv64-unknown-elf/10.1.0/rv32i/ilp32\libgcc.a(_umoddi3.o)
 .data          0x00000000000102e0        0x0 c:/sysgcc/risc-v/bin/../lib/gcc/riscv64-unknown-elf/10.1.0/rv32i/ilp32\libgcc.a(muldi3.o)
 .data          0x00000000000102e0        0x0 c:/sysgcc/risc-v/bin/../lib/gcc/riscv64-unknown-elf/10.1.0/rv32i/ilp32\libgcc.a(div.o)
 .data          0x00000000000102e0        0x0 c:/sysgcc/risc-v/bin/../lib/gcc/riscv64-unknown-elf/10.1.0/rv32i/ilp32\libgcc.a(_clz.o)

.bss            0x00000000000102e0    0x118c0
                0x00000000000102e0                __bss_start = .
 *(.sbss*)
 *(.bss*)
 .bss           0x00000000000102e0        0x0 C:\Users\dennis\Documents\HarvOS\Template_MiSTer-master\build\bootrom\start.o
 .bss           0x00000000000102e0    0x118b0 C:\Users\dennis\Documents\HarvOS\Template_MiSTer-master\build\bootrom\harvos_usb_elf_bootrom.o
 .bss           0x0000000000021b90        0x0 C:\Users\dennis\Documents\HarvOS\Template_MiSTer-master\build\bootrom\harvos_fs.o
 .bss           0x0000000000021b90        0x0 C:\Users\dennis\Documents\HarvOS\Template_MiSTer-master\build\bootrom\harvos_yaml.o
 .bss           0x0000000000021b90       0x10 C:\Users\dennis\Documents\HarvOS\Template_MiSTer-master\build\bootrom\harvos_mister_hps_block.o
 .bss           0x0000000000021ba0        0x0 c:/sysgcc/risc-v/bin/../lib/gcc/riscv64-unknown-elf/10.1.0/rv32i/ilp32\libgcc.a(_udivdi3.o)
 .bss           0x0000000000021ba0        0x0 c:/sysgcc/risc-v/bin/../lib/gcc/riscv64-unknown-elf/10.1.0/rv32i/ilp32\libgcc.a(_umoddi3.o)
 .bss           0x0000000000021ba0        0x0 c:/sysgcc/risc-v/bin/../lib/gcc/riscv64-unknown-elf/10.1.0/rv32i/ilp32\libgcc.a(muldi3.o)
 .bss           0x0000000000021ba0        0x0 c:/sysgcc/risc-v/bin/../lib/gcc/riscv64-unknown-elf/10.1.0/rv32i/ilp32\libgcc.a(div.o)
 .bss           0x0000000000021ba0        0x0 c:/sysgcc/risc-v/bin/../lib/gcc/riscv64-unknown-elf/10.1.0/rv32i/ilp32\libgcc.a(_clz.o)
 *(COMMON)
                0x0000000000021ba0                __bss_end = .
                0x0000000000100000                __boot_stack_top = (ORIGIN (DRAM) + LENGTH (DRAM))

/DISCARD/
 *(.comment*)
 *(.riscv.attributes*)
 *(.note*)
OUTPUT(C:\Users\dennis\Documents\HarvOS\Template_MiSTer-master\build\bootrom\harvos_usb_elf_bootrom.elf elf32-littleriscv)

.debug_info     0x0000000000000000     0x147f
 .debug_info    0x0000000000000000      0x9a6 c:/sysgcc/risc-v/bin/../lib/gcc/riscv64-unknown-elf/10.1.0/rv32i/ilp32\libgcc.a(_udivdi3.o)
 .debug_info    0x00000000000009a6      0x9b6 c:/sysgcc/risc-v/bin/../lib/gcc/riscv64-unknown-elf/10.1.0/rv32i/ilp32\libgcc.a(_umoddi3.o)
 .debug_info    0x000000000000135c       0x26 c:/sysgcc/risc-v/bin/../lib/gcc/riscv64-unknown-elf/10.1.0/rv32i/ilp32\libgcc.a(muldi3.o)
 .debug_info    0x0000000000001382       0x26 c:/sysgcc/risc-v/bin/../lib/gcc/riscv64-unknown-elf/10.1.0/rv32i/ilp32\libgcc.a(div.o)
 .debug_info    0x00000000000013a8       0xd7 c:/sysgcc/risc-v/bin/../lib/gcc/riscv64-unknown-elf/10.1.0/rv32i/ilp32\libgcc.a(_clz.o)

.debug_abbrev   0x0000000000000000      0x427
 .debug_abbrev  0x0000000000000000      0x1be c:/sysgcc/risc-v/bin/../lib/gcc/riscv64-unknown-elf/10.1.0/rv32i/ilp32\libgcc.a(_udivdi3.o)
 .debug_abbrev  0x00000000000001be      0x1d1 c:/sysgcc/risc-v/bin/../lib/gcc/riscv64-unknown-elf/10.1.0/rv32i/ilp32\libgcc.a(_umoddi3.o)
 .debug_abbrev  0x000000000000038f       0x14 c:/sysgcc/risc-v/bin/../lib/gcc/riscv64-unknown-elf/10.1.0/rv32i/ilp32\libgcc.a(muldi3.o)
 .debug_abbrev  0x00000000000003a3       0x14 c:/sysgcc/risc-v/bin/../lib/gcc/riscv64-unknown-elf/10.1.0/rv32i/ilp32\libgcc.a(div.o)
 .debug_abbrev  0x00000000000003b7       0x70 c:/sysgcc/risc-v/bin/../lib/gcc/riscv64-unknown-elf/10.1.0/rv32i/ilp32\libgcc.a(_clz.o)

.debug_loc      0x0000000000000000     0x13ed
 .debug_loc     0x0000000000000000      0xb0c c:/sysgcc/risc-v/bin/../lib/gcc/riscv64-unknown-elf/10.1.0/rv32i/ilp32\libgcc.a(_udivdi3.o)
 .debug_loc     0x0000000000000b0c      0x8e1 c:/sysgcc/risc-v/bin/../lib/gcc/riscv64-unknown-elf/10.1.0/rv32i/ilp32\libgcc.a(_umoddi3.o)

.debug_aranges  0x0000000000000000       0x98
 .debug_aranges
                0x0000000000000000       0x20 c:/sysgcc/risc-v/bin/../lib/gcc/riscv64-unknown-elf/10.1.0/rv32i/ilp32\libgcc.a(_udivdi3.o)
 .debug_aranges
                0x0000000000000020       0x20 c:/sysgcc/risc-v/bin/../lib/gcc/riscv64-unknown-elf/10.1.0/rv32i/ilp32\libgcc.a(_umoddi3.o)
 .debug_aranges
                0x0000000000000040       0x20 c:/sysgcc/risc-v/bin/../lib/gcc/riscv64-unknown-elf/10.1.0/rv32i/ilp32\libgcc.a(muldi3.o)
 .debug_aranges
                0x0000000000000060       0x20 c:/sysgcc/risc-v/bin/../lib/gcc/riscv64-unknown-elf/10.1.0/rv32i/ilp32\libgcc.a(div.o)
 .debug_aranges
                0x0000000000000080       0x18 c:/sysgcc/risc-v/bin/../lib/gcc/riscv64-unknown-elf/10.1.0/rv32i/ilp32\libgcc.a(_clz.o)

.debug_ranges   0x0000000000000000      0x200
 .debug_ranges  0x0000000000000000      0x118 c:/sysgcc/risc-v/bin/../lib/gcc/riscv64-unknown-elf/10.1.0/rv32i/ilp32\libgcc.a(_udivdi3.o)
 .debug_ranges  0x0000000000000118       0xe8 c:/sysgcc/risc-v/bin/../lib/gcc/riscv64-unknown-elf/10.1.0/rv32i/ilp32\libgcc.a(_umoddi3.o)

.debug_line     0x0000000000000000     0x1222
 .debug_line    0x0000000000000000      0x79e c:/sysgcc/risc-v/bin/../lib/gcc/riscv64-unknown-elf/10.1.0/rv32i/ilp32\libgcc.a(_udivdi3.o)
 .debug_line    0x000000000000079e      0x7e6 c:/sysgcc/risc-v/bin/../lib/gcc/riscv64-unknown-elf/10.1.0/rv32i/ilp32\libgcc.a(_umoddi3.o)
 .debug_line    0x0000000000000f84       0xad c:/sysgcc/risc-v/bin/../lib/gcc/riscv64-unknown-elf/10.1.0/rv32i/ilp32\libgcc.a(muldi3.o)
 .debug_line    0x0000000000001031      0x183 c:/sysgcc/risc-v/bin/../lib/gcc/riscv64-unknown-elf/10.1.0/rv32i/ilp32\libgcc.a(div.o)
 .debug_line    0x00000000000011b4       0x6e c:/sysgcc/risc-v/bin/../lib/gcc/riscv64-unknown-elf/10.1.0/rv32i/ilp32\libgcc.a(_clz.o)

.debug_str      0x0000000000000000      0x3fa
 .debug_str     0x0000000000000000      0x2ad c:/sysgcc/risc-v/bin/../lib/gcc/riscv64-unknown-elf/10.1.0/rv32i/ilp32\libgcc.a(_udivdi3.o)
                                        0x30d (size before relaxing)
 .debug_str     0x00000000000002ad        0xa c:/sysgcc/risc-v/bin/../lib/gcc/riscv64-unknown-elf/10.1.0/rv32i/ilp32\libgcc.a(_umoddi3.o)
                                        0x30d (size before relaxing)
 .debug_str     0x00000000000002b7       0x59 c:/sysgcc/risc-v/bin/../lib/gcc/riscv64-unknown-elf/10.1.0/rv32i/ilp32\libgcc.a(muldi3.o)
                                         0xbe (size before relaxing)
 .debug_str     0x0000000000000310       0x4a c:/sysgcc/risc-v/bin/../lib/gcc/riscv64-unknown-elf/10.1.0/rv32i/ilp32\libgcc.a(div.o)
                                         0xbb (size before relaxing)
 .debug_str     0x000000000000035a       0xa0 c:/sysgcc/risc-v/bin/../lib/gcc/riscv64-unknown-elf/10.1.0/rv32i/ilp32\libgcc.a(_clz.o)
                                        0x22b (size before relaxing)
