Flow report for mycore
Sat Aug 23 15:22:35 2025
Quartus Prime Version 22.1std.2 Build 922 07/20/2023 SC Lite Edition


---------------------
; Table of Contents ;
---------------------
  1. Legal Notice
  2. Flow Summary
  3. Flow Settings
  4. Flow Non-Default Global Settings
  5. Flow Elapsed Time
  6. Flow OS Summary
  7. Flow Log
  8. Flow Messages
  9. Flow Suppressed Messages



----------------
; Legal Notice ;
----------------
Copyright (C) 2023  Intel Corporation. All rights reserved.
Your use of Intel Corporation's design tools, logic functions 
and other software and tools, and any partner logic 
functions, and any output files from any of the foregoing 
(including device programming or simulation files), and any 
associated documentation or information are expressly subject 
to the terms and conditions of the Intel Program License 
Subscription Agreement, the Intel Quartus Prime License Agreement,
the Intel FPGA IP License Agreement, or other applicable license
agreement, including, without limitation, that your use is for
the sole purpose of programming logic devices manufactured by
Intel and sold by Intel or its authorized distributors.  Please
refer to the applicable agreement for further details, at
https://fpgasoftware.intel.com/eula.



+----------------------------------------------------------------------------------+
; Flow Summary                                                                     ;
+---------------------------------+------------------------------------------------+
; Flow Status                     ; Successful - Sat Aug 23 15:22:31 2025          ;
; Quartus Prime Version           ; 22.1std.2 Build 922 07/20/2023 SC Lite Edition ;
; Revision Name                   ; mycore                                         ;
; Top-level Entity Name           ; sys_top                                        ;
; Family                          ; Cyclone V                                      ;
; Device                          ; 5CSEBA6U23I7                                   ;
; Timing Models                   ; Final                                          ;
; Logic utilization (in ALMs)     ; 2,377 / 41,910 ( 6 % )                         ;
; Total registers                 ; 3205                                           ;
; Total pins                      ; 145 / 314 ( 46 % )                             ;
; Total virtual pins              ; 0                                              ;
; Total block memory bits         ; 33,094 / 5,662,720 ( < 1 % )                   ;
; Total DSP Blocks                ; 8 / 112 ( 7 % )                                ;
; Total HSSI RX PCSs              ; 0                                              ;
; Total HSSI PMA RX Deserializers ; 0                                              ;
; Total HSSI TX PCSs              ; 0                                              ;
; Total HSSI PMA TX Serializers   ; 0                                              ;
; Total PLLs                      ; 2 / 6 ( 33 % )                                 ;
; Total DLLs                      ; 0 / 4 ( 0 % )                                  ;
+---------------------------------+------------------------------------------------+


+-----------------------------------------+
; Flow Settings                           ;
+-------------------+---------------------+
; Option            ; Setting             ;
+-------------------+---------------------+
; Start date & time ; 08/23/2025 15:20:49 ;
; Main task         ; Compilation         ;
; Revision Name     ; mycore              ;
+-------------------+---------------------+


+-----------------------------------------------------------------------------------------------------------------------------------------------+
; Flow Non-Default Global Settings                                                                                                              ;
+------------------------------------------------------+----------------------------------------+--------------------+-------------+------------+
; Assignment Name                                      ; Value                                  ; Default Value      ; Entity Name ; Section Id ;
+------------------------------------------------------+----------------------------------------+--------------------+-------------+------------+
; ADV_NETLIST_OPT_SYNTH_WYSIWYG_REMAP                  ; On                                     ; Off                ; --          ; --         ;
; AUTO_DELAY_CHAINS_FOR_HIGH_FANOUT_INPUT_PINS         ; On                                     ; Off                ; --          ; --         ;
; COMPILER_SIGNATURE_ID                                ; 191696512882171.175595524954602        ; --                 ; --          ; --         ;
; ECO_OPTIMIZE_TIMING                                  ; On                                     ; Off                ; --          ; --         ;
; FINAL_PLACEMENT_OPTIMIZATION                         ; Always                                 ; Automatically      ; --          ; --         ;
; FITTER_EFFORT                                        ; Standard Fit                           ; Auto Fit           ; --          ; --         ;
; MAX_CORE_JUNCTION_TEMP                               ; 100                                    ; --                 ; --          ; --         ;
; MIN_CORE_JUNCTION_TEMP                               ; -40                                    ; --                 ; --          ; --         ;
; MISC_FILE                                            ; rtl/pll.cmp                            ; --                 ; --          ; --         ;
; MISC_FILE                                            ; sys/pll_hdmi.cmp                       ; --                 ; --          ; --         ;
; MISC_FILE                                            ; sys/pll_audio.cmp                      ; --                 ; --          ; --         ;
; MUX_RESTRUCTURE                                      ; On                                     ; Auto               ; --          ; --         ;
; NUM_PARALLEL_PROCESSORS                              ; All                                    ; --                 ; --          ; --         ;
; OPTIMIZATION_MODE                                    ; High Performance Effort                ; Balanced           ; --          ; --         ;
; OPTIMIZATION_TECHNIQUE                               ; Speed                                  ; Balanced           ; --          ; --         ;
; OPTIMIZE_POWER_DURING_FITTING                        ; Off                                    ; Normal compilation ; --          ; --         ;
; PARTITION_COLOR                                      ; -- (Not supported for targeted family) ; --                 ; sys_top     ; Top        ;
; PARTITION_FITTER_PRESERVATION_LEVEL                  ; -- (Not supported for targeted family) ; --                 ; sys_top     ; Top        ;
; PARTITION_NETLIST_TYPE                               ; -- (Not supported for targeted family) ; --                 ; sys_top     ; Top        ;
; PERIPHERY_TO_CORE_PLACEMENT_AND_ROUTING_OPTIMIZATION ; On                                     ; Off                ; --          ; --         ;
; PHYSICAL_SYNTHESIS_ASYNCHRONOUS_SIGNAL_PIPELINING    ; On                                     ; Off                ; --          ; --         ;
; PHYSICAL_SYNTHESIS_COMBO_LOGIC                       ; On                                     ; Off                ; --          ; --         ;
; PHYSICAL_SYNTHESIS_COMBO_LOGIC_FOR_AREA              ; On                                     ; Off                ; --          ; --         ;
; PHYSICAL_SYNTHESIS_REGISTER_DUPLICATION              ; On                                     ; Off                ; --          ; --         ;
; PHYSICAL_SYNTHESIS_REGISTER_RETIMING                 ; On                                     ; Off                ; --          ; --         ;
; PLACEMENT_EFFORT_MULTIPLIER                          ; 4.0                                    ; 1.0                ; --          ; --         ;
; POWER_BOARD_THERMAL_MODEL                            ; None (CONSERVATIVE)                    ; --                 ; --          ; --         ;
; POWER_PRESET_COOLING_SOLUTION                        ; 23 MM HEAT SINK WITH 200 LFPM AIRFLOW  ; --                 ; --          ; --         ;
; PRE_FLOW_SCRIPT_FILE                                 ; quartus_sh:sys/build_id.tcl            ; --                 ; --          ; --         ;
; PRE_MAPPING_RESYNTHESIS                              ; On                                     ; Off                ; --          ; --         ;
; PROJECT_OUTPUT_DIRECTORY                             ; output_files                           ; --                 ; --          ; --         ;
; QII_AUTO_PACKED_REGISTERS                            ; Normal                                 ; Auto               ; --          ; --         ;
; REMOVE_REDUNDANT_LOGIC_CELLS                         ; On                                     ; Off                ; --          ; --         ;
; ROUTER_CLOCKING_TOPOLOGY_ANALYSIS                    ; On                                     ; Off                ; --          ; --         ;
; ROUTER_LCELL_INSERTION_AND_LOGIC_DUPLICATION         ; On                                     ; Auto               ; --          ; --         ;
; ROUTER_TIMING_OPTIMIZATION_LEVEL                     ; MAXIMUM                                ; Normal             ; --          ; --         ;
; SAVE_DISK_SPACE                                      ; Off                                    ; On                 ; --          ; --         ;
; SEARCH_PATH                                          ; rtl                                    ; --                 ; --          ; --         ;
; SEARCH_PATH                                          ; rtl/harvos                             ; --                 ; --          ; --         ;
; SMART_RECOMPILE                                      ; On                                     ; Off                ; --          ; --         ;
; SYNTHESIS_ONLY_QIP                                   ; On                                     ; --                 ; --          ; --         ;
; SYNTHESIS_ONLY_QIP                                   ; On                                     ; --                 ; --          ; --         ;
; SYNTHESIS_ONLY_QIP                                   ; On                                     ; --                 ; --          ; --         ;
; SYNTHESIS_ONLY_QIP                                   ; On                                     ; --                 ; --          ; --         ;
; SYNTH_GATED_CLOCK_CONVERSION                         ; On                                     ; Off                ; --          ; --         ;
; TIMING_ANALYZER_MULTICORNER_ANALYSIS                 ; Off                                    ; On                 ; --          ; --         ;
; TOP_LEVEL_ENTITY                                     ; sys_top                                ; mycore             ; --          ; --         ;
; VERILOG_MACRO                                        ; MISTER_FB=1                            ; --                 ; --          ; --         ;
; VERILOG_MACRO                                        ; MISTER_FB_PALETTE=1                    ; --                 ; --          ; --         ;
; VERILOG_MACRO                                        ; MISTER_DEBUG_NOHDMI=1                  ; --                 ; --          ; --         ;
; VERILOG_MACRO                                        ; MISTER_DOWNSCALE_NN=1                  ; --                 ; --          ; --         ;
; VERILOG_MACRO                                        ; MISTER_DISABLE_ADAPTIVE=1              ; --                 ; --          ; --         ;
; VERILOG_MACRO                                        ; MISTER_SMALL_VBUF=1                    ; --                 ; --          ; --         ;
; VERILOG_MACRO                                        ; MISTER_DISABLE_YC=1                    ; --                 ; --          ; --         ;
; VERILOG_MACRO                                        ; MISTER_DISABLE_ALSA=1                  ; --                 ; --          ; --         ;
+------------------------------------------------------+----------------------------------------+--------------------+-------------+------------+


+--------------------------------------------------------------------------------------------------------------------------+
; Flow Elapsed Time                                                                                                        ;
+----------------------+--------------+-------------------------+---------------------+------------------------------------+
; Module Name          ; Elapsed Time ; Average Processors Used ; Peak Virtual Memory ; Total CPU Time (on all processors) ;
+----------------------+--------------+-------------------------+---------------------+------------------------------------+
; Analysis & Synthesis ; 00:00:20     ; 1.0                     ; 886 MB              ; 00:00:33                           ;
; Fitter               ; 00:01:11     ; 1.3                     ; 2811 MB             ; 00:03:35                           ;
; Assembler            ; 00:00:07     ; 1.0                     ; 571 MB              ; 00:00:07                           ;
; Timing Analyzer      ; 00:00:03     ; 1.1                     ; 724 MB              ; 00:00:03                           ;
; Total                ; 00:01:41     ; --                      ; --                  ; 00:04:18                           ;
+----------------------+--------------+-------------------------+---------------------+------------------------------------+


+------------------------------------------------------------------------------------+
; Flow OS Summary                                                                    ;
+----------------------+------------------+------------+------------+----------------+
; Module Name          ; Machine Hostname ; OS Name    ; OS Version ; Processor type ;
+----------------------+------------------+------------+------------+----------------+
; Analysis & Synthesis ; pc               ; Linux Mint ; 22         ; x86_64         ;
; Fitter               ; pc               ; Linux Mint ; 22         ; x86_64         ;
; Assembler            ; pc               ; Linux Mint ; 22         ; x86_64         ;
; Timing Analyzer      ; pc               ; Linux Mint ; 22         ; x86_64         ;
+----------------------+------------------+------------+------------+----------------+


------------
; Flow Log ;
------------
quartus_map --read_settings_files=on --write_settings_files=off mycore -c mycore
quartus_fit --read_settings_files=off --write_settings_files=off mycore -c mycore
quartus_asm --read_settings_files=off --write_settings_files=off mycore -c mycore
quartus_sta mycore -c mycore



